
========================================
Dashboard Update Script
Started at: 2025-10-27 20:00:01.226955 
========================================

Working directory: /Users/favstats/Dropbox/reclamer 

[1] "en_US.UTF-8/en_US.UTF-8/en_US.UTF-8/C/en_US.UTF-8/en_US.UTF-8"
Locale set to: en_US.UTF-8/en_US.UTF-8/en_US.UTF-8/C/en_US.UTF-8/en_US.UTF-8 

Loading packages...

--- Rendering Dashboard ---
✅ Dashboard rendered successfully!

--- Git Operations ---
Files changed: 3 
Adding files to git...
✅ Files added
Committing changes...
✅ Committed: Auto-update dashboard: 2025-10-27 
Pushing to remote...
✅ Pushed successfully!

========================================
Script completed successfully!
Finished at: 2025-10-27 20:01:52.944871 
========================================

========================================
Dashboard Update Script
Started at: 2025-10-28 20:00:01.44413 
========================================

Working directory: /Users/favstats/Dropbox/reclamer 

[1] "en_US.UTF-8/en_US.UTF-8/en_US.UTF-8/C/en_US.UTF-8/en_US.UTF-8"
Locale set to: en_US.UTF-8/en_US.UTF-8/en_US.UTF-8/C/en_US.UTF-8/en_US.UTF-8 

Loading packages...

--- Rendering Dashboard ---
✅ Dashboard rendered successfully!

--- Git Operations ---
Files changed: 3 
Adding files to git...
✅ Files added
Committing changes...
✅ Committed: Auto-update dashboard: 2025-10-28 
Pushing to remote...
✅ Pushed successfully!

========================================
Script completed successfully!
Finished at: 2025-10-28 20:02:05.020146 
========================================

========================================
Dashboard Update Script
Started at: 2025-10-30 20:00:01.056759 
========================================

Working directory: /Users/favstats/Dropbox/reclamer 

[1] "en_US.UTF-8/en_US.UTF-8/en_US.UTF-8/C/en_US.UTF-8/en_US.UTF-8"
Locale set to: en_US.UTF-8/en_US.UTF-8/en_US.UTF-8/C/en_US.UTF-8/en_US.UTF-8 

Loading packages...

--- Rendering Dashboard ---
Quarto output:
 [33mWARN: The file /Users/favstats/Dropbox/reclamer/_site/index.qmd contains a theme property which is being ignored. Website projects do not support per document themes since all pages within a website share the website's theme.[39m
[31m

processing file: index.qmd
[39m1/31                   
2/31 [setup]           
3/31                   
4/31 [unnamed-chunk-1] 
[31mError in mutate(., advertiser_raw = opdrachtgever_naam_organisatie, advertiser = aggregate_parties(advertiser_raw),  : 
  ℹ In argument: `theme = coalesce(theme, "Unknown")`.
Caused by error in `coalesce()`:
! `..1` must be a vector, not a function.
Calls: .main ... withRestartList -> withOneRestart -> docall -> do.call -> fun
[39m[31m


Quitting from lines 521-689 [unnamed-chunk-1] (index.qmd)
Execution halted
[39m 
❌ Error rendering dashboard: Quarto rendering failed 
Warning message:
In system2(quarto_path, args = c("render", "_site/index.qmd"), stdout = TRUE,  :
  running command ''/Applications/RStudio.app/Contents/Resources/app/quarto/bin/quarto' render _site/index.qmd 2>&1' had status 1

========================================
Dashboard Update Script
Started at: 2025-11-02 20:00:00.759542 
========================================

Working directory: /Users/favstats/Dropbox/reclamer 

[1] "en_US.UTF-8/en_US.UTF-8/en_US.UTF-8/C/en_US.UTF-8/en_US.UTF-8"
Locale set to: en_US.UTF-8/en_US.UTF-8/en_US.UTF-8/C/en_US.UTF-8/en_US.UTF-8 

Loading packages...

--- Rendering Dashboard ---
✅ Dashboard rendered successfully!

--- Git Operations ---
Files changed: 3 
Adding files to git...
✅ Files added
Committing changes...
✅ Committed: Auto-update dashboard: 2025-11-02 
Pushing to remote...
✅ Pushed successfully!

========================================
Script completed successfully!
Finished at: 2025-11-02 20:02:28.773512 
========================================

========================================
Dashboard Update Script
Started at: 2025-11-04 20:00:01.059501 
========================================

Working directory: /Users/favstats/Dropbox/reclamer 

[1] "en_US.UTF-8/en_US.UTF-8/en_US.UTF-8/C/en_US.UTF-8/en_US.UTF-8"
Locale set to: en_US.UTF-8/en_US.UTF-8/en_US.UTF-8/C/en_US.UTF-8/en_US.UTF-8 

Loading packages...

--- Rendering Dashboard ---
✅ Dashboard rendered successfully!

--- Git Operations ---
Files changed: 3 
Adding files to git...
✅ Files added
Committing changes...
✅ Committed: Auto-update dashboard: 2025-11-04 
Pushing to remote...
✅ Pushed successfully!

========================================
Script completed successfully!
Finished at: 2025-11-04 20:02:12.560688 
========================================

========================================
Dashboard Update Script
Started at: 2025-11-08 20:00:00.778284 
========================================

Working directory: /Users/favstats/Dropbox/reclamer 

[1] "en_US.UTF-8/en_US.UTF-8/en_US.UTF-8/C/en_US.UTF-8/en_US.UTF-8"
Locale set to: en_US.UTF-8/en_US.UTF-8/en_US.UTF-8/C/en_US.UTF-8/en_US.UTF-8 

Loading packages...

--- Rendering Dashboard ---
✅ Dashboard rendered successfully!

--- Git Operations ---
Files changed: 3 
Adding files to git...
✅ Files added
Committing changes...
✅ Committed: Auto-update dashboard: 2025-11-08 
Pushing to remote...
✅ Pushed successfully!

========================================
Script completed successfully!
Finished at: 2025-11-08 20:01:43.041834 
========================================

========================================
Dashboard Update Script
Started at: 2025-11-10 20:00:01.373428 
========================================

Working directory: /Users/favstats/Dropbox/reclamer 

[1] "en_US.UTF-8/en_US.UTF-8/en_US.UTF-8/C/en_US.UTF-8/en_US.UTF-8"
Locale set to: en_US.UTF-8/en_US.UTF-8/en_US.UTF-8/C/en_US.UTF-8/en_US.UTF-8 

Loading packages...

--- Rendering Dashboard ---
✅ Dashboard rendered successfully!

--- Git Operations ---
Files changed: 7 
Adding files to git...
✅ Files added
Committing changes...
✅ Committed: Auto-update dashboard: 2025-11-10 
Pushing to remote...
✅ Pushed successfully!

========================================
Script completed successfully!
Finished at: 2025-11-10 20:02:29.429673 
========================================

========================================
Dashboard Update Script
Started at: 2025-11-13 20:00:01.171425 
========================================

Working directory: /Users/favstats/Dropbox/reclamer 

[1] "en_US.UTF-8/en_US.UTF-8/en_US.UTF-8/C/en_US.UTF-8/en_US.UTF-8"
Locale set to: en_US.UTF-8/en_US.UTF-8/en_US.UTF-8/C/en_US.UTF-8/en_US.UTF-8 

Loading packages...

--- Rendering Dashboard ---
✅ Dashboard rendered successfully!

--- Git Operations ---
Files changed: 3 
Adding files to git...
✅ Files added
Committing changes...
✅ Committed: Auto-update dashboard: 2025-11-13 
Pushing to remote...
✅ Pushed successfully!

========================================
Script completed successfully!
Finished at: 2025-11-13 20:01:48.311418 
========================================

========================================
Dashboard Update Script
Started at: 2025-11-14 20:00:00.488876 
========================================

Working directory: /Users/favstats/Dropbox/reclamer 

[1] "en_US.UTF-8/en_US.UTF-8/en_US.UTF-8/C/en_US.UTF-8/en_US.UTF-8"
Locale set to: en_US.UTF-8/en_US.UTF-8/en_US.UTF-8/C/en_US.UTF-8/en_US.UTF-8 

Loading packages...

--- Rendering Dashboard ---
✅ Dashboard rendered successfully!

--- Git Operations ---
Files changed: 3 
Adding files to git...
✅ Files added
Committing changes...
✅ Committed: Auto-update dashboard: 2025-11-14 
Pushing to remote...
✅ Pushed successfully!

========================================
Script completed successfully!
Finished at: 2025-11-14 20:01:50.379915 
========================================

========================================
Dashboard Update Script
Started at: 2025-11-15 20:00:00.595649 
========================================

Working directory: /Users/favstats/Dropbox/reclamer 

[1] "en_US.UTF-8/en_US.UTF-8/en_US.UTF-8/C/en_US.UTF-8/en_US.UTF-8"
Locale set to: en_US.UTF-8/en_US.UTF-8/en_US.UTF-8/C/en_US.UTF-8/en_US.UTF-8 

Loading packages...

--- Rendering Dashboard ---
✅ Dashboard rendered successfully!

--- Git Operations ---
Files changed: 3 
Adding files to git...
✅ Files added
Committing changes...
✅ Committed: Auto-update dashboard: 2025-11-15 
Pushing to remote...
✅ Pushed successfully!

========================================
Script completed successfully!
Finished at: 2025-11-15 20:01:45.50715 
========================================

========================================
Dashboard Update Script
Started at: 2025-11-16 20:00:01.392334 
========================================

Working directory: /Users/favstats/Dropbox/reclamer 

[1] "en_US.UTF-8/en_US.UTF-8/en_US.UTF-8/C/en_US.UTF-8/en_US.UTF-8"
Locale set to: en_US.UTF-8/en_US.UTF-8/en_US.UTF-8/C/en_US.UTF-8/en_US.UTF-8 

Loading packages...

--- Rendering Dashboard ---
✅ Dashboard rendered successfully!

--- Git Operations ---
Files changed: 3 
Adding files to git...
✅ Files added
Committing changes...
✅ Committed: Auto-update dashboard: 2025-11-16 
Pushing to remote...
✅ Pushed successfully!

========================================
Script completed successfully!
Finished at: 2025-11-16 20:01:39.350746 
========================================

========================================
Dashboard Update Script
Started at: 2025-11-17 20:00:00.986349 
========================================

Working directory: /Users/favstats/Dropbox/reclamer 

[1] "en_US.UTF-8/en_US.UTF-8/en_US.UTF-8/C/en_US.UTF-8/en_US.UTF-8"
Locale set to: en_US.UTF-8/en_US.UTF-8/en_US.UTF-8/C/en_US.UTF-8/en_US.UTF-8 

Loading packages...

--- Rendering Dashboard ---
✅ Dashboard rendered successfully!

--- Git Operations ---
Files changed: 3 
Adding files to git...
✅ Files added
Committing changes...
✅ Committed: Auto-update dashboard: 2025-11-17 
Pushing to remote...
✅ Pushed successfully!

========================================
Script completed successfully!
Finished at: 2025-11-17 20:02:02.111702 
========================================

========================================
Dashboard Update Script
Started at: 2025-11-18 20:00:00.467338 
========================================

Working directory: /Users/favstats/Dropbox/reclamer 

[1] "en_US.UTF-8/en_US.UTF-8/en_US.UTF-8/C/en_US.UTF-8/en_US.UTF-8"
Locale set to: en_US.UTF-8/en_US.UTF-8/en_US.UTF-8/C/en_US.UTF-8/en_US.UTF-8 

Loading packages...

--- Rendering Dashboard ---
✅ Dashboard rendered successfully!

--- Git Operations ---
Files changed: 3 
Adding files to git...
✅ Files added
Committing changes...
✅ Committed: Auto-update dashboard: 2025-11-18 
Pushing to remote...
✅ Pushed successfully!

========================================
Script completed successfully!
Finished at: 2025-11-18 20:01:49.322146 
========================================

========================================
Dashboard Update Script
Started at: 2025-11-19 20:00:00.576395 
========================================

Working directory: /Users/favstats/Dropbox/reclamer 

[1] "en_US.UTF-8/en_US.UTF-8/en_US.UTF-8/C/en_US.UTF-8/en_US.UTF-8"
Locale set to: en_US.UTF-8/en_US.UTF-8/en_US.UTF-8/C/en_US.UTF-8/en_US.UTF-8 

Loading packages...

--- Rendering Dashboard ---
✅ Dashboard rendered successfully!

--- Git Operations ---
Files changed: 3 
Adding files to git...
✅ Files added
Committing changes...
✅ Committed: Auto-update dashboard: 2025-11-19 
Pushing to remote...
✅ Pushed successfully!

========================================
Script completed successfully!
Finished at: 2025-11-19 20:01:38.872586 
========================================

========================================
Dashboard Update Script
Started at: 2025-11-20 20:00:00.773547 
========================================

Working directory: /Users/favstats/Dropbox/reclamer 

[1] "en_US.UTF-8/en_US.UTF-8/en_US.UTF-8/C/en_US.UTF-8/en_US.UTF-8"
Locale set to: en_US.UTF-8/en_US.UTF-8/en_US.UTF-8/C/en_US.UTF-8/en_US.UTF-8 

Loading packages...

--- Rendering Dashboard ---
✅ Dashboard rendered successfully!

--- Git Operations ---
Files changed: 3 
Adding files to git...
✅ Files added
Committing changes...
✅ Committed: Auto-update dashboard: 2025-11-20 
Pushing to remote...
✅ Pushed successfully!

========================================
Script completed successfully!
Finished at: 2025-11-20 20:01:42.783343 
========================================

========================================
Dashboard Update Script
Started at: 2025-11-21 20:02:09.300462 
========================================

Working directory: /Users/favstats/Dropbox/reclamer 

[1] "en_US.UTF-8/en_US.UTF-8/en_US.UTF-8/C/en_US.UTF-8/en_US.UTF-8"
Locale set to: en_US.UTF-8/en_US.UTF-8/en_US.UTF-8/C/en_US.UTF-8/en_US.UTF-8 

Loading packages...

--- Rendering Dashboard ---
✅ Dashboard rendered successfully!

--- Git Operations ---
Files changed: 3 
Adding files to git...
✅ Files added
Committing changes...
✅ Committed: Auto-update dashboard: 2025-11-21 
Pushing to remote...
✅ Pushed successfully!

========================================
Script completed successfully!
Finished at: 2025-11-21 20:03:57.293113 
========================================

========================================
Dashboard Update Script
Started at: 2025-11-24 20:00:01.028874 
========================================

Working directory: /Users/favstats/Dropbox/reclamer 

[1] "en_US.UTF-8/en_US.UTF-8/en_US.UTF-8/C/en_US.UTF-8/en_US.UTF-8"
Locale set to: en_US.UTF-8/en_US.UTF-8/en_US.UTF-8/C/en_US.UTF-8/en_US.UTF-8 

Loading packages...

--- Rendering Dashboard ---
✅ Dashboard rendered successfully!

--- Git Operations ---
Files changed: 3 
Adding files to git...
✅ Files added
Committing changes...
✅ Committed: Auto-update dashboard: 2025-11-24 
Pushing to remote...
✅ Pushed successfully!

========================================
Script completed successfully!
Finished at: 2025-11-24 20:02:23.803433 
========================================

========================================
Dashboard Update Script
Started at: 2025-11-25 20:00:00.809999 
========================================

Working directory: /Users/favstats/Dropbox/reclamer 

[1] "en_US.UTF-8/en_US.UTF-8/en_US.UTF-8/C/en_US.UTF-8/en_US.UTF-8"
Locale set to: en_US.UTF-8/en_US.UTF-8/en_US.UTF-8/C/en_US.UTF-8/en_US.UTF-8 

Loading packages...

--- Rendering Dashboard ---
✅ Dashboard rendered successfully!

--- Git Operations ---
Files changed: 3 
Adding files to git...
✅ Files added
Committing changes...
✅ Committed: Auto-update dashboard: 2025-11-25 
Pushing to remote...
✅ Pushed successfully!

========================================
Script completed successfully!
Finished at: 2025-11-25 20:01:51.244724 
========================================

========================================
Dashboard Update Script
Started at: 2025-11-28 20:00:01.130065 
========================================

Working directory: /Users/favstats/Dropbox/reclamer 

[1] "en_US.UTF-8/en_US.UTF-8/en_US.UTF-8/C/en_US.UTF-8/en_US.UTF-8"
Locale set to: en_US.UTF-8/en_US.UTF-8/en_US.UTF-8/C/en_US.UTF-8/en_US.UTF-8 

Loading packages...

--- Rendering Dashboard ---
✅ Dashboard rendered successfully!

--- Git Operations ---
Files changed: 3 
Adding files to git...
✅ Files added
Committing changes...
✅ Committed: Auto-update dashboard: 2025-11-28 
Pushing to remote...
✅ Pushed successfully!

========================================
Script completed successfully!
Finished at: 2025-11-28 20:02:03.133105 
========================================

========================================
Dashboard Update Script
Started at: 2025-11-29 20:00:01.262387 
========================================

Working directory: /Users/favstats/Dropbox/reclamer 

[1] "en_US.UTF-8/en_US.UTF-8/en_US.UTF-8/C/en_US.UTF-8/en_US.UTF-8"
Locale set to: en_US.UTF-8/en_US.UTF-8/en_US.UTF-8/C/en_US.UTF-8/en_US.UTF-8 

Loading packages...
Warning message:
package ‘gert’ was built under R version 4.4.3 

--- Rendering Dashboard ---
✅ Dashboard rendered successfully!

--- Git Operations ---
Files changed: 3 
Adding files to git...
✅ Files added
Committing changes...
✅ Committed: Auto-update dashboard: 2025-11-29 
Pushing to remote...
✅ Pushed successfully!

========================================
Script completed successfully!
Finished at: 2025-11-29 20:02:18.123237 
========================================

========================================
Dashboard Update Script
Started at: 2025-11-30 20:00:00.9011 
========================================

Working directory: /Users/favstats/Dropbox/reclamer 

[1] "en_US.UTF-8/en_US.UTF-8/en_US.UTF-8/C/en_US.UTF-8/en_US.UTF-8"
Locale set to: en_US.UTF-8/en_US.UTF-8/en_US.UTF-8/C/en_US.UTF-8/en_US.UTF-8 

Loading packages...
Warning message:
package ‘gert’ was built under R version 4.4.3 

--- Rendering Dashboard ---
✅ Dashboard rendered successfully!

--- Git Operations ---
Files changed: 3 
Adding files to git...
✅ Files added
Committing changes...
✅ Committed: Auto-update dashboard: 2025-11-30 
Pushing to remote...
✅ Pushed successfully!

========================================
Script completed successfully!
Finished at: 2025-11-30 20:01:43.197181 
========================================

========================================
Dashboard Update Script
Started at: 2025-12-02 20:00:52.351536 
========================================

Working directory: /Users/favstats/Dropbox/reclamer 

[1] "en_US.UTF-8/en_US.UTF-8/en_US.UTF-8/C/en_US.UTF-8/en_US.UTF-8"
Locale set to: en_US.UTF-8/en_US.UTF-8/en_US.UTF-8/C/en_US.UTF-8/en_US.UTF-8 

Loading packages...
Warning message:
package ‘gert’ was built under R version 4.4.3 

--- Rendering Dashboard ---
✅ Dashboard rendered successfully!

--- Git Operations ---
Files changed: 3 
Adding files to git...
✅ Files added
Committing changes...
✅ Committed: Auto-update dashboard: 2025-12-02 
Pushing to remote...
✅ Pushed successfully!

========================================
Script completed successfully!
Finished at: 2025-12-02 20:28:24.953913 
========================================

========================================
Dashboard Update Script
Started at: 2025-12-04 20:00:00.677383 
========================================

Working directory: /Users/favstats/Dropbox/reclamer 

[1] "en_US.UTF-8/en_US.UTF-8/en_US.UTF-8/C/en_US.UTF-8/en_US.UTF-8"
Locale set to: en_US.UTF-8/en_US.UTF-8/en_US.UTF-8/C/en_US.UTF-8/en_US.UTF-8 

Loading packages...
Warning message:
package ‘gert’ was built under R version 4.4.3 

--- Rendering Dashboard ---
✅ Dashboard rendered successfully!

--- Git Operations ---
Files changed: 3 
Adding files to git...
✅ Files added
Committing changes...
✅ Committed: Auto-update dashboard: 2025-12-04 
Pushing to remote...
✅ Pushed successfully!

========================================
Script completed successfully!
Finished at: 2025-12-04 20:02:22.563911 
========================================

========================================
Dashboard Update Script
Started at: 2025-12-06 20:01:04.814815 
========================================

Working directory: /Users/favstats/Dropbox/reclamer 

[1] "en_US.UTF-8/en_US.UTF-8/en_US.UTF-8/C/en_US.UTF-8/en_US.UTF-8"
Locale set to: en_US.UTF-8/en_US.UTF-8/en_US.UTF-8/C/en_US.UTF-8/en_US.UTF-8 

Loading packages...
Warning message:
package ‘gert’ was built under R version 4.4.3 

--- Rendering Dashboard ---
✅ Dashboard rendered successfully!

--- Git Operations ---
Files changed: 3 
Adding files to git...
✅ Files added
Committing changes...
✅ Committed: Auto-update dashboard: 2025-12-06 
Pushing to remote...
✅ Pushed successfully!

========================================
Script completed successfully!
Finished at: 2025-12-06 20:17:49.451466 
========================================

========================================
Dashboard Update Script
Started at: 2025-12-07 20:00:01.211279 
========================================

Working directory: /Users/favstats/Dropbox/reclamer 

[1] "en_US.UTF-8/en_US.UTF-8/en_US.UTF-8/C/en_US.UTF-8/en_US.UTF-8"
Locale set to: en_US.UTF-8/en_US.UTF-8/en_US.UTF-8/C/en_US.UTF-8/en_US.UTF-8 

Loading packages...
Warning message:
package ‘gert’ was built under R version 4.4.3 

--- Rendering Dashboard ---
✅ Dashboard rendered successfully!

--- Git Operations ---
Files changed: 3 
Adding files to git...
✅ Files added
Committing changes...
✅ Committed: Auto-update dashboard: 2025-12-07 
Pushing to remote...
✅ Pushed successfully!

========================================
Script completed successfully!
Finished at: 2025-12-07 20:01:59.131982 
========================================

========================================
Dashboard Update Script
Started at: 2025-12-10 20:00:00.54654 
========================================

Working directory: /Users/favstats/Dropbox/reclamer 

[1] "en_US.UTF-8/en_US.UTF-8/en_US.UTF-8/C/en_US.UTF-8/en_US.UTF-8"
Locale set to: en_US.UTF-8/en_US.UTF-8/en_US.UTF-8/C/en_US.UTF-8/en_US.UTF-8 

Loading packages...
Warning message:
package ‘gert’ was built under R version 4.4.3 

--- Rendering Dashboard ---
✅ Dashboard rendered successfully!

--- Git Operations ---
Files changed: 3 
Adding files to git...
✅ Files added
Committing changes...
✅ Committed: Auto-update dashboard: 2025-12-10 
Pushing to remote...
✅ Pushed successfully!

========================================
Script completed successfully!
Finished at: 2025-12-10 20:09:41.178618 
========================================

========================================
Dashboard Update Script
Started at: 2025-12-13 20:00:00.876086 
========================================

Working directory: /Users/favstats/Dropbox/reclamer 

[1] "en_US.UTF-8/en_US.UTF-8/en_US.UTF-8/C/en_US.UTF-8/en_US.UTF-8"
Locale set to: en_US.UTF-8/en_US.UTF-8/en_US.UTF-8/C/en_US.UTF-8/en_US.UTF-8 

Loading packages...
Warning message:
package ‘gert’ was built under R version 4.4.3 

--- Rendering Dashboard ---
✅ Dashboard rendered successfully!

--- Git Operations ---
Files changed: 4 
Adding files to git...
✅ Files added
Committing changes...
✅ Committed: Auto-update dashboard: 2025-12-13 
Pushing to remote...
✅ Pushed successfully!

========================================
Script completed successfully!
Finished at: 2025-12-13 20:02:17.318642 
========================================

========================================
Dashboard Update Script
Started at: 2025-12-14 20:00:01.157821 
========================================

Working directory: /Users/favstats/Dropbox/reclamer 

[1] "en_US.UTF-8/en_US.UTF-8/en_US.UTF-8/C/en_US.UTF-8/en_US.UTF-8"
Locale set to: en_US.UTF-8/en_US.UTF-8/en_US.UTF-8/C/en_US.UTF-8/en_US.UTF-8 

Loading packages...
Warning message:
package ‘gert’ was built under R version 4.4.3 

--- Rendering Dashboard ---
✅ Dashboard rendered successfully!

--- Git Operations ---
Files changed: 3 
Adding files to git...
✅ Files added
Committing changes...
✅ Committed: Auto-update dashboard: 2025-12-14 
Pushing to remote...
✅ Pushed successfully!

========================================
Script completed successfully!
Finished at: 2025-12-14 20:02:16.901562 
========================================

========================================
Dashboard Update Script
Started at: 2025-12-15 20:00:01.225382 
========================================

Working directory: /Users/favstats/Dropbox/reclamer 

[1] "en_US.UTF-8/en_US.UTF-8/en_US.UTF-8/C/en_US.UTF-8/en_US.UTF-8"
Locale set to: en_US.UTF-8/en_US.UTF-8/en_US.UTF-8/C/en_US.UTF-8/en_US.UTF-8 

Loading packages...
Warning message:
package ‘gert’ was built under R version 4.4.3 

--- Rendering Dashboard ---
✅ Dashboard rendered successfully!

--- Git Operations ---
Files changed: 3 
Adding files to git...
✅ Files added
Committing changes...
✅ Committed: Auto-update dashboard: 2025-12-15 
Pushing to remote...
✅ Pushed successfully!

========================================
Script completed successfully!
Finished at: 2025-12-15 20:02:03.694613 
========================================

========================================
Dashboard Update Script
Started at: 2025-12-16 20:00:01.277803 
========================================

Working directory: /Users/favstats/Dropbox/reclamer 

[1] "en_US.UTF-8/en_US.UTF-8/en_US.UTF-8/C/en_US.UTF-8/en_US.UTF-8"
Locale set to: en_US.UTF-8/en_US.UTF-8/en_US.UTF-8/C/en_US.UTF-8/en_US.UTF-8 

Loading packages...
Warning message:
package ‘gert’ was built under R version 4.4.3 

--- Rendering Dashboard ---
✅ Dashboard rendered successfully!

--- Git Operations ---
Files changed: 3 
Adding files to git...
✅ Files added
Committing changes...
✅ Committed: Auto-update dashboard: 2025-12-16 
Pushing to remote...
✅ Pushed successfully!

========================================
Script completed successfully!
Finished at: 2025-12-16 20:01:57.241116 
========================================

========================================
Dashboard Update Script
Started at: 2025-12-18 20:00:00.856097 
========================================

Working directory: /Users/favstats/Dropbox/reclamer 

[1] "en_US.UTF-8/en_US.UTF-8/en_US.UTF-8/C/en_US.UTF-8/en_US.UTF-8"
Locale set to: en_US.UTF-8/en_US.UTF-8/en_US.UTF-8/C/en_US.UTF-8/en_US.UTF-8 

Loading packages...
Warning message:
package ‘gert’ was built under R version 4.4.3 

--- Rendering Dashboard ---
✅ Dashboard rendered successfully!

--- Git Operations ---
Files changed: 3 
Adding files to git...
✅ Files added
Committing changes...
✅ Committed: Auto-update dashboard: 2025-12-18 
Pushing to remote...
✅ Pushed successfully!

========================================
Script completed successfully!
Finished at: 2025-12-18 20:02:06.547153 
========================================

========================================
Dashboard Update Script
Started at: 2025-12-20 20:00:01.18695 
========================================

Working directory: /Users/favstats/Dropbox/reclamer 

[1] "en_US.UTF-8/en_US.UTF-8/en_US.UTF-8/C/en_US.UTF-8/en_US.UTF-8"
Locale set to: en_US.UTF-8/en_US.UTF-8/en_US.UTF-8/C/en_US.UTF-8/en_US.UTF-8 

Loading packages...
Warning message:
package ‘gert’ was built under R version 4.4.3 

--- Rendering Dashboard ---
✅ Dashboard rendered successfully!

--- Git Operations ---
Files changed: 3 
Adding files to git...
✅ Files added
Committing changes...
✅ Committed: Auto-update dashboard: 2025-12-20 
Pushing to remote...
✅ Pushed successfully!

========================================
Script completed successfully!
Finished at: 2025-12-20 20:02:26.655512 
========================================

========================================
Dashboard Update Script
Started at: 2025-12-22 20:00:00.86509 
========================================

Working directory: /Users/favstats/Dropbox/reclamer 

[1] "en_US.UTF-8/en_US.UTF-8/en_US.UTF-8/C/en_US.UTF-8/en_US.UTF-8"
Locale set to: en_US.UTF-8/en_US.UTF-8/en_US.UTF-8/C/en_US.UTF-8/en_US.UTF-8 

Loading packages...
Warning message:
package ‘gert’ was built under R version 4.4.3 

--- Rendering Dashboard ---
✅ Dashboard rendered successfully!

--- Git Operations ---
Files changed: 3 
Adding files to git...
✅ Files added
Committing changes...
✅ Committed: Auto-update dashboard: 2025-12-22 
Pushing to remote...
✅ Pushed successfully!

========================================
Script completed successfully!
Finished at: 2025-12-22 20:02:05.980897 
========================================

========================================
Dashboard Update Script
Started at: 2025-12-23 20:00:01.471825 
========================================

Working directory: /Users/favstats/Dropbox/reclamer 

[1] "en_US.UTF-8/en_US.UTF-8/en_US.UTF-8/C/en_US.UTF-8/en_US.UTF-8"
Locale set to: en_US.UTF-8/en_US.UTF-8/en_US.UTF-8/C/en_US.UTF-8/en_US.UTF-8 

Loading packages...
Warning message:
package ‘gert’ was built under R version 4.4.3 

--- Rendering Dashboard ---
✅ Dashboard rendered successfully!

--- Git Operations ---
Files changed: 3 
Adding files to git...
✅ Files added
Committing changes...
✅ Committed: Auto-update dashboard: 2025-12-23 
Pushing to remote...
✅ Pushed successfully!

========================================
Script completed successfully!
Finished at: 2025-12-23 20:01:53.116496 
========================================

========================================
Dashboard Update Script
Started at: 2025-12-24 20:00:01.223539 
========================================

Working directory: /Users/favstats/Dropbox/reclamer 

[1] "en_US.UTF-8/en_US.UTF-8/en_US.UTF-8/C/en_US.UTF-8/en_US.UTF-8"
Locale set to: en_US.UTF-8/en_US.UTF-8/en_US.UTF-8/C/en_US.UTF-8/en_US.UTF-8 

Loading packages...
Warning message:
package ‘gert’ was built under R version 4.4.3 

--- Rendering Dashboard ---
✅ Dashboard rendered successfully!

--- Git Operations ---
Files changed: 3 
Adding files to git...
✅ Files added
Committing changes...
✅ Committed: Auto-update dashboard: 2025-12-24 
Pushing to remote...
✅ Pushed successfully!

========================================
Script completed successfully!
Finished at: 2025-12-24 20:01:53.657999 
========================================

========================================
Dashboard Update Script
Started at: 2025-12-26 20:00:00.958803 
========================================

Working directory: /Users/favstats/Dropbox/reclamer 

[1] "en_US.UTF-8/en_US.UTF-8/en_US.UTF-8/C/en_US.UTF-8/en_US.UTF-8"
Locale set to: en_US.UTF-8/en_US.UTF-8/en_US.UTF-8/C/en_US.UTF-8/en_US.UTF-8 

Loading packages...
Warning message:
package ‘gert’ was built under R version 4.4.3 

--- Rendering Dashboard ---
✅ Dashboard rendered successfully!

--- Git Operations ---
Files changed: 3 
Adding files to git...
✅ Files added
Committing changes...
✅ Committed: Auto-update dashboard: 2025-12-26 
Pushing to remote...
✅ Pushed successfully!

========================================
Script completed successfully!
Finished at: 2025-12-26 20:02:02.93747 
========================================

========================================
Dashboard Update Script
Started at: 2025-12-27 20:00:01.157406 
========================================

Working directory: /Users/favstats/Dropbox/reclamer 

[1] "en_US.UTF-8/en_US.UTF-8/en_US.UTF-8/C/en_US.UTF-8/en_US.UTF-8"
Locale set to: en_US.UTF-8/en_US.UTF-8/en_US.UTF-8/C/en_US.UTF-8/en_US.UTF-8 

Loading packages...
Warning message:
package ‘gert’ was built under R version 4.4.3 

--- Rendering Dashboard ---
✅ Dashboard rendered successfully!

--- Git Operations ---
Files changed: 3 
Adding files to git...
✅ Files added
Committing changes...
✅ Committed: Auto-update dashboard: 2025-12-27 
Pushing to remote...
✅ Pushed successfully!

========================================
Script completed successfully!
Finished at: 2025-12-27 20:01:55.548828 
========================================

========================================
Dashboard Update Script
Started at: 2026-01-01 20:00:01.396977 
========================================

Working directory: /Users/favstats/Dropbox/reclamer 

[1] "en_US.UTF-8/en_US.UTF-8/en_US.UTF-8/C/en_US.UTF-8/en_US.UTF-8"
Locale set to: en_US.UTF-8/en_US.UTF-8/en_US.UTF-8/C/en_US.UTF-8/en_US.UTF-8 

Loading packages...
Warning message:
package ‘gert’ was built under R version 4.4.3 

--- Rendering Dashboard ---
✅ Dashboard rendered successfully!

--- Git Operations ---
Files changed: 3 
Adding files to git...
✅ Files added
Committing changes...
✅ Committed: Auto-update dashboard: 2026-01-01 
Pushing to remote...
✅ Pushed successfully!

========================================
Script completed successfully!
Finished at: 2026-01-01 20:02:23.098449 
========================================

========================================
Dashboard Update Script
Started at: 2026-01-02 20:00:00.576545 
========================================

Working directory: /Users/favstats/Dropbox/reclamer 

[1] "en_US.UTF-8/en_US.UTF-8/en_US.UTF-8/C/en_US.UTF-8/en_US.UTF-8"
Locale set to: en_US.UTF-8/en_US.UTF-8/en_US.UTF-8/C/en_US.UTF-8/en_US.UTF-8 

Loading packages...
Warning message:
package ‘gert’ was built under R version 4.4.3 

--- Rendering Dashboard ---
✅ Dashboard rendered successfully!

--- Git Operations ---
Files changed: 3 
Adding files to git...
✅ Files added
Committing changes...
✅ Committed: Auto-update dashboard: 2026-01-02 
Pushing to remote...
✅ Pushed successfully!

========================================
Script completed successfully!
Finished at: 2026-01-02 20:02:06.347343 
========================================

========================================
Dashboard Update Script
Started at: 2026-01-03 20:00:00.655089 
========================================

Working directory: /Users/favstats/Dropbox/reclamer 

[1] "en_US.UTF-8/en_US.UTF-8/en_US.UTF-8/C/en_US.UTF-8/en_US.UTF-8"
Locale set to: en_US.UTF-8/en_US.UTF-8/en_US.UTF-8/C/en_US.UTF-8/en_US.UTF-8 

Loading packages...
Warning message:
package ‘gert’ was built under R version 4.4.3 

--- Rendering Dashboard ---
✅ Dashboard rendered successfully!

--- Git Operations ---
Files changed: 3 
Adding files to git...
✅ Files added
Committing changes...
✅ Committed: Auto-update dashboard: 2026-01-03 
Pushing to remote...
✅ Pushed successfully!

========================================
Script completed successfully!
Finished at: 2026-01-03 20:02:03.923663 
========================================

========================================
Dashboard Update Script
Started at: 2026-01-08 20:00:01.138601 
========================================

Working directory: /Users/favstats/Dropbox/reclamer 

[1] "en_US.UTF-8/en_US.UTF-8/en_US.UTF-8/C/en_US.UTF-8/en_US.UTF-8"
Locale set to: en_US.UTF-8/en_US.UTF-8/en_US.UTF-8/C/en_US.UTF-8/en_US.UTF-8 

Loading packages...
Warning message:
package ‘gert’ was built under R version 4.4.3 

--- Rendering Dashboard ---
✅ Dashboard rendered successfully!

--- Git Operations ---
Files changed: 3 
Adding files to git...
✅ Files added
Committing changes...
✅ Committed: Auto-update dashboard: 2026-01-08 
Pushing to remote...
✅ Pushed successfully!

========================================
Script completed successfully!
Finished at: 2026-01-08 20:02:18.948368 
========================================

========================================
Dashboard Update Script
Started at: 2026-01-09 20:00:01.300131 
========================================

Working directory: /Users/favstats/Dropbox/reclamer 

[1] "en_US.UTF-8/en_US.UTF-8/en_US.UTF-8/C/en_US.UTF-8/en_US.UTF-8"
Locale set to: en_US.UTF-8/en_US.UTF-8/en_US.UTF-8/C/en_US.UTF-8/en_US.UTF-8 

Loading packages...
Warning message:
package ‘gert’ was built under R version 4.4.3 

--- Rendering Dashboard ---
✅ Dashboard rendered successfully!

--- Git Operations ---
Files changed: 3 
Adding files to git...
✅ Files added
Committing changes...
✅ Committed: Auto-update dashboard: 2026-01-09 
Pushing to remote...
✅ Pushed successfully!

========================================
Script completed successfully!
Finished at: 2026-01-09 20:02:19.802408 
========================================

========================================
Dashboard Update Script
Started at: 2026-01-10 20:00:01.071372 
========================================

Working directory: /Users/favstats/Dropbox/reclamer 

[1] "en_US.UTF-8/en_US.UTF-8/en_US.UTF-8/C/en_US.UTF-8/en_US.UTF-8"
Locale set to: en_US.UTF-8/en_US.UTF-8/en_US.UTF-8/C/en_US.UTF-8/en_US.UTF-8 

Loading packages...
Warning message:
package ‘gert’ was built under R version 4.4.3 

--- Rendering Dashboard ---
✅ Dashboard rendered successfully!

--- Git Operations ---
Files changed: 3 
Adding files to git...
✅ Files added
Committing changes...
✅ Committed: Auto-update dashboard: 2026-01-10 
Pushing to remote...
✅ Pushed successfully!

========================================
Script completed successfully!
Finished at: 2026-01-10 20:02:42.296326 
========================================

========================================
Dashboard Update Script
Started at: 2026-01-11 20:03:43.179389 
========================================

Working directory: /Users/favstats/Dropbox/reclamer 

[1] "en_US.UTF-8/en_US.UTF-8/en_US.UTF-8/C/en_US.UTF-8/en_US.UTF-8"
Locale set to: en_US.UTF-8/en_US.UTF-8/en_US.UTF-8/C/en_US.UTF-8/en_US.UTF-8 

Loading packages...
Warning message:
package ‘gert’ was built under R version 4.4.3 

--- Rendering Dashboard ---
✅ Dashboard rendered successfully!

--- Git Operations ---
Files changed: 3 
Adding files to git...
✅ Files added
Committing changes...
✅ Committed: Auto-update dashboard: 2026-01-11 
Pushing to remote...
✅ Pushed successfully!

========================================
Script completed successfully!
Finished at: 2026-01-11 20:37:48.111427 
========================================

========================================
Dashboard Update Script
Started at: 2026-01-12 20:00:01.266348 
========================================

Working directory: /Users/favstats/Dropbox/reclamer 

[1] "en_US.UTF-8/en_US.UTF-8/en_US.UTF-8/C/en_US.UTF-8/en_US.UTF-8"
Locale set to: en_US.UTF-8/en_US.UTF-8/en_US.UTF-8/C/en_US.UTF-8/en_US.UTF-8 

Loading packages...
Warning message:
package ‘gert’ was built under R version 4.4.3 

--- Rendering Dashboard ---
✅ Dashboard rendered successfully!

--- Git Operations ---
Files changed: 3 
Adding files to git...
✅ Files added
Committing changes...
✅ Committed: Auto-update dashboard: 2026-01-12 
Pushing to remote...
✅ Pushed successfully!

========================================
Script completed successfully!
Finished at: 2026-01-12 20:02:01.118834 
========================================

========================================
Dashboard Update Script
Started at: 2026-01-13 20:00:00.789628 
========================================

Working directory: /Users/favstats/Dropbox/reclamer 

[1] "en_US.UTF-8/en_US.UTF-8/en_US.UTF-8/C/en_US.UTF-8/en_US.UTF-8"
Locale set to: en_US.UTF-8/en_US.UTF-8/en_US.UTF-8/C/en_US.UTF-8/en_US.UTF-8 

Loading packages...
Warning message:
package ‘gert’ was built under R version 4.4.3 

--- Rendering Dashboard ---
✅ Dashboard rendered successfully!

--- Git Operations ---
Files changed: 3 
Adding files to git...
✅ Files added
Committing changes...
✅ Committed: Auto-update dashboard: 2026-01-13 
Pushing to remote...
✅ Pushed successfully!

========================================
Script completed successfully!
Finished at: 2026-01-13 20:03:16.072518 
========================================

========================================
Dashboard Update Script
Started at: 2026-01-14 20:00:00.606912 
========================================

Working directory: /Users/favstats/Dropbox/reclamer 

[1] "en_US.UTF-8/en_US.UTF-8/en_US.UTF-8/C/en_US.UTF-8/en_US.UTF-8"
Locale set to: en_US.UTF-8/en_US.UTF-8/en_US.UTF-8/C/en_US.UTF-8/en_US.UTF-8 

Loading packages...
Warning message:
package ‘gert’ was built under R version 4.4.3 

--- Rendering Dashboard ---
✅ Dashboard rendered successfully!

--- Git Operations ---
Files changed: 3 
Adding files to git...
✅ Files added
Committing changes...
✅ Committed: Auto-update dashboard: 2026-01-14 
Pushing to remote...
✅ Pushed successfully!

========================================
Script completed successfully!
Finished at: 2026-01-14 20:01:58.275094 
========================================

========================================
Dashboard Update Script
Started at: 2026-01-15 20:00:00.975017 
========================================

Working directory: /Users/favstats/Dropbox/reclamer 

[1] "en_US.UTF-8/en_US.UTF-8/en_US.UTF-8/C/en_US.UTF-8/en_US.UTF-8"
Locale set to: en_US.UTF-8/en_US.UTF-8/en_US.UTF-8/C/en_US.UTF-8/en_US.UTF-8 

Loading packages...
Warning message:
package ‘gert’ was built under R version 4.4.3 

--- Rendering Dashboard ---
✅ Dashboard rendered successfully!

--- Git Operations ---
Files changed: 3 
Adding files to git...
✅ Files added
Committing changes...
✅ Committed: Auto-update dashboard: 2026-01-15 
Pushing to remote...
✅ Pushed successfully!

========================================
Script completed successfully!
Finished at: 2026-01-15 20:02:07.81702 
========================================

========================================
Dashboard Update Script
Started at: 2026-01-19 20:00:01.476834 
========================================

Working directory: /Users/favstats/Dropbox/reclamer 

[1] "en_US.UTF-8/en_US.UTF-8/en_US.UTF-8/C/en_US.UTF-8/en_US.UTF-8"
Locale set to: en_US.UTF-8/en_US.UTF-8/en_US.UTF-8/C/en_US.UTF-8/en_US.UTF-8 

Loading packages...
Warning message:
package ‘gert’ was built under R version 4.4.3 

--- Rendering Dashboard ---
✅ Dashboard rendered successfully!

--- Git Operations ---
Files changed: 3 
Adding files to git...
✅ Files added
Committing changes...
✅ Committed: Auto-update dashboard: 2026-01-19 
Pushing to remote...
✅ Pushed successfully!

========================================
Script completed successfully!
Finished at: 2026-01-19 20:02:26.716926 
========================================

========================================
Dashboard Update Script
Started at: 2026-01-20 20:00:01.276434 
========================================

Working directory: /Users/favstats/Dropbox/reclamer 

[1] "en_US.UTF-8/en_US.UTF-8/en_US.UTF-8/C/en_US.UTF-8/en_US.UTF-8"
Locale set to: en_US.UTF-8/en_US.UTF-8/en_US.UTF-8/C/en_US.UTF-8/en_US.UTF-8 

Loading packages...
Warning message:
package ‘gert’ was built under R version 4.4.3 

--- Rendering Dashboard ---
✅ Dashboard rendered successfully!

--- Git Operations ---
Files changed: 3 
Adding files to git...
✅ Files added
Committing changes...
✅ Committed: Auto-update dashboard: 2026-01-20 
Pushing to remote...
✅ Pushed successfully!

========================================
Script completed successfully!
Finished at: 2026-01-20 20:02:32.461117 
========================================

========================================
Dashboard Update Script
Started at: 2026-01-21 20:00:01.694871 
========================================

Working directory: /Users/favstats/Dropbox/reclamer 

[1] "en_US.UTF-8/en_US.UTF-8/en_US.UTF-8/C/en_US.UTF-8/en_US.UTF-8"
Locale set to: en_US.UTF-8/en_US.UTF-8/en_US.UTF-8/C/en_US.UTF-8/en_US.UTF-8 

Loading packages...
Warning message:
package ‘gert’ was built under R version 4.4.3 

--- Rendering Dashboard ---
✅ Dashboard rendered successfully!

--- Git Operations ---
Files changed: 3 
Adding files to git...
✅ Files added
Committing changes...
✅ Committed: Auto-update dashboard: 2026-01-21 
Pushing to remote...
✅ Pushed successfully!

========================================
Script completed successfully!
Finished at: 2026-01-21 20:02:40.879581 
========================================

========================================
Dashboard Update Script
Started at: 2026-01-24 20:00:01.309383 
========================================

Working directory: /Users/favstats/Dropbox/reclamer 

[1] "en_US.UTF-8/en_US.UTF-8/en_US.UTF-8/C/en_US.UTF-8/en_US.UTF-8"
Locale set to: en_US.UTF-8/en_US.UTF-8/en_US.UTF-8/C/en_US.UTF-8/en_US.UTF-8 

Loading packages...
Warning message:
package ‘gert’ was built under R version 4.4.3 

--- Rendering Dashboard ---
Quarto output:
 [33mWARN: The file /Users/favstats/Dropbox/reclamer/_site/index.qmd contains a theme property which is being ignored. Website projects do not support per document themes since all pages within a website share the website's theme.[39m
[31m

processing file: index.qmd
[39m1/31                   
2/31 [setup]           
3/31                   
4/31 [unnamed-chunk-1] 
[31mError:
! Failed to scrape Ster page: Failed to perform HTTP request.
Backtrace:
    ▆
 1. └─global scrape_ster_transparency(download_dir = "ster_pdfs", parse_pdfs = TRUE)
 2.   └─global scrape_ster_page(base_url, verbose)
 3.     └─base::tryCatch(...)
 4.       └─base (local) tryCatchList(expr, classes, parentenv, handlers)
 5.         └─base (local) tryCatchOne(expr, names, parentenv, handlers[[1L]])
 6.           └─value[[3L]](cond)
[39m[31m
Quitting from index.qmd:526-697 [unnamed-chunk-1]
[39m[31mExecution halted
[39m 
❌ Error rendering dashboard: Quarto rendering failed 
Warning message:
In system2(quarto_path, args = c("render", "_site/index.qmd"), stdout = TRUE,  :
  running command ''/Applications/RStudio.app/Contents/Resources/app/quarto/bin/quarto' render _site/index.qmd 2>&1' had status 1

========================================
Dashboard Update Script
Started at: 2026-01-25 20:00:00.799629 
========================================

Working directory: /Users/favstats/Dropbox/reclamer 

[1] "en_US.UTF-8/en_US.UTF-8/en_US.UTF-8/C/en_US.UTF-8/en_US.UTF-8"
Locale set to: en_US.UTF-8/en_US.UTF-8/en_US.UTF-8/C/en_US.UTF-8/en_US.UTF-8 

Loading packages...
Warning message:
package ‘gert’ was built under R version 4.4.3 

--- Rendering Dashboard ---
✅ Dashboard rendered successfully!

--- Git Operations ---
Files changed: 3 
Adding files to git...
✅ Files added
Committing changes...
✅ Committed: Auto-update dashboard: 2026-01-25 
Pushing to remote...
✅ Pushed successfully!

========================================
Script completed successfully!
Finished at: 2026-01-25 20:03:06.470741 
========================================

========================================
Dashboard Update Script
Started at: 2026-01-26 20:00:01.138175 
========================================

Working directory: /Users/favstats/Dropbox/reclamer 

[1] "en_US.UTF-8/en_US.UTF-8/en_US.UTF-8/C/en_US.UTF-8/en_US.UTF-8"
Locale set to: en_US.UTF-8/en_US.UTF-8/en_US.UTF-8/C/en_US.UTF-8/en_US.UTF-8 

Loading packages...
Warning message:
package ‘gert’ was built under R version 4.4.3 

--- Rendering Dashboard ---
✅ Dashboard rendered successfully!

--- Git Operations ---
Files changed: 3 
Adding files to git...
✅ Files added
Committing changes...
✅ Committed: Auto-update dashboard: 2026-01-26 
Pushing to remote...
✅ Pushed successfully!

========================================
Script completed successfully!
Finished at: 2026-01-26 20:01:56.772671 
========================================

========================================
Dashboard Update Script
Started at: 2026-01-27 20:00:00.95659 
========================================

Working directory: /Users/favstats/Dropbox/reclamer 

[1] "en_US.UTF-8/en_US.UTF-8/en_US.UTF-8/C/en_US.UTF-8/en_US.UTF-8"
Locale set to: en_US.UTF-8/en_US.UTF-8/en_US.UTF-8/C/en_US.UTF-8/en_US.UTF-8 

Loading packages...
Warning message:
package ‘gert’ was built under R version 4.4.3 

--- Rendering Dashboard ---
✅ Dashboard rendered successfully!

--- Git Operations ---
Files changed: 3 
Adding files to git...
✅ Files added
Committing changes...
✅ Committed: Auto-update dashboard: 2026-01-27 
Pushing to remote...
✅ Pushed successfully!

========================================
Script completed successfully!
Finished at: 2026-01-27 20:02:40.91778 
========================================

========================================
Dashboard Update Script
Started at: 2026-01-28 20:00:02.712632 
========================================

Working directory: /Users/favstats/Dropbox/reclamer 

[1] "en_US.UTF-8/en_US.UTF-8/en_US.UTF-8/C/en_US.UTF-8/en_US.UTF-8"
Locale set to: en_US.UTF-8/en_US.UTF-8/en_US.UTF-8/C/en_US.UTF-8/en_US.UTF-8 

Loading packages...
Warning message:
package ‘gert’ was built under R version 4.4.3 

--- Rendering Dashboard ---
✅ Dashboard rendered successfully!

--- Git Operations ---
Files changed: 3 
Adding files to git...
✅ Files added
Committing changes...
✅ Committed: Auto-update dashboard: 2026-01-28 
Pushing to remote...
✅ Pushed successfully!

========================================
Script completed successfully!
Finished at: 2026-01-28 20:02:46.882773 
========================================

========================================
Dashboard Update Script
Started at: 2026-01-29 20:08:31.735336 
========================================

Working directory: /Users/favstats/Dropbox/reclamer 

[1] "en_US.UTF-8/en_US.UTF-8/en_US.UTF-8/C/en_US.UTF-8/en_US.UTF-8"
Locale set to: en_US.UTF-8/en_US.UTF-8/en_US.UTF-8/C/en_US.UTF-8/en_US.UTF-8 

Loading packages...
Warning message:
package ‘gert’ was built under R version 4.4.3 

--- Rendering Dashboard ---
✅ Dashboard rendered successfully!

--- Git Operations ---
Files changed: 3 
Adding files to git...
✅ Files added
Committing changes...
✅ Committed: Auto-update dashboard: 2026-01-29 
Pushing to remote...
✅ Pushed successfully!

========================================
Script completed successfully!
Finished at: 2026-01-29 20:26:45.998846 
========================================

========================================
Dashboard Update Script
Started at: 2026-02-01 20:00:01.506922 
========================================

Working directory: /Users/favstats/Dropbox/reclamer 

[1] "en_US.UTF-8/en_US.UTF-8/en_US.UTF-8/C/en_US.UTF-8/en_US.UTF-8"
Locale set to: en_US.UTF-8/en_US.UTF-8/en_US.UTF-8/C/en_US.UTF-8/en_US.UTF-8 

Loading packages...
Warning message:
package ‘gert’ was built under R version 4.4.3 

--- Rendering Dashboard ---
✅ Dashboard rendered successfully!

--- Git Operations ---
Files changed: 3 
Adding files to git...
✅ Files added
Committing changes...
✅ Committed: Auto-update dashboard: 2026-02-01 
Pushing to remote...
❌ Error pushing to remote: unexpected http status code: 403 
Note: Make sure credentials are configured

========================================
Dashboard Update Script
Started at: 2026-02-02 20:00:00.759549 
========================================

Working directory: /Users/favstats/Dropbox/reclamer 

[1] "en_US.UTF-8/en_US.UTF-8/en_US.UTF-8/C/en_US.UTF-8/en_US.UTF-8"
Locale set to: en_US.UTF-8/en_US.UTF-8/en_US.UTF-8/C/en_US.UTF-8/en_US.UTF-8 

Loading packages...
Warning message:
package ‘gert’ was built under R version 4.4.3 

--- Rendering Dashboard ---
✅ Dashboard rendered successfully!

--- Git Operations ---
Files changed: 3 
Adding files to git...
✅ Files added
Committing changes...
✅ Committed: Auto-update dashboard: 2026-02-02 
Pushing to remote...
❌ Error pushing to remote: unexpected http status code: 403 
Note: Make sure credentials are configured

========================================
Dashboard Update Script
Started at: 2026-02-04 20:00:00.936775 
========================================

Working directory: /Users/favstats/Dropbox/reclamer 

[1] "en_US.UTF-8/en_US.UTF-8/en_US.UTF-8/C/en_US.UTF-8/en_US.UTF-8"
Locale set to: en_US.UTF-8/en_US.UTF-8/en_US.UTF-8/C/en_US.UTF-8/en_US.UTF-8 

Loading packages...
Warning message:
package ‘gert’ was built under R version 4.4.3 

--- Rendering Dashboard ---
✅ Dashboard rendered successfully!

--- Git Operations ---
Files changed: 3 
Adding files to git...
✅ Files added
Committing changes...
✅ Committed: Auto-update dashboard: 2026-02-04 
Pushing to remote...
✅ Pushed successfully!

========================================
Script completed successfully!
Finished at: 2026-02-04 20:02:22.493991 
========================================

========================================
Dashboard Update Script
Started at: 2026-02-05 20:00:00.829575 
========================================

Working directory: /Users/favstats/Dropbox/reclamer 

[1] "en_US.UTF-8/en_US.UTF-8/en_US.UTF-8/C/en_US.UTF-8/en_US.UTF-8"
Locale set to: en_US.UTF-8/en_US.UTF-8/en_US.UTF-8/C/en_US.UTF-8/en_US.UTF-8 

Loading packages...
Warning message:
package ‘gert’ was built under R version 4.4.3 

--- Rendering Dashboard ---
✅ Dashboard rendered successfully!

--- Git Operations ---
Files changed: 3 
Adding files to git...
✅ Files added
Committing changes...
✅ Committed: Auto-update dashboard: 2026-02-05 
Pushing to remote...
✅ Pushed successfully!

========================================
Script completed successfully!
Finished at: 2026-02-05 20:02:52.794926 
========================================

========================================
Dashboard Update Script
Started at: 2026-02-06 20:00:00.775757 
========================================

Working directory: /Users/favstats/Dropbox/reclamer 

[1] "en_US.UTF-8/en_US.UTF-8/en_US.UTF-8/C/en_US.UTF-8/en_US.UTF-8"
Locale set to: en_US.UTF-8/en_US.UTF-8/en_US.UTF-8/C/en_US.UTF-8/en_US.UTF-8 

Loading packages...
Warning message:
package ‘gert’ was built under R version 4.4.3 

--- Rendering Dashboard ---
✅ Dashboard rendered successfully!

--- Git Operations ---
Files changed: 3 
Adding files to git...
✅ Files added
Committing changes...
✅ Committed: Auto-update dashboard: 2026-02-06 
Pushing to remote...
✅ Pushed successfully!

========================================
Script completed successfully!
Finished at: 2026-02-06 20:02:26.235146 
========================================

========================================
Dashboard Update Script
Started at: 2026-02-28 20:00:01.462827 
========================================

Working directory: /Users/favstats/Dropbox/adstracking/reclamer 

[1] "en_US.UTF-8/en_US.UTF-8/en_US.UTF-8/C/en_US.UTF-8/en_US.UTF-8"
Locale set to: en_US.UTF-8/en_US.UTF-8/en_US.UTF-8/C/en_US.UTF-8/en_US.UTF-8 

Loading packages...
Warning message:
package ‘gert’ was built under R version 4.4.3 

--- Rendering Dashboard ---
✅ Dashboard rendered successfully!

--- Git Operations ---
Files changed: 5 
Adding files to git...
✅ Files added
Committing changes...
✅ Committed: Auto-update dashboard: 2026-02-28 
Pushing to remote...
✅ Pushed successfully!

========================================
Script completed successfully!
Finished at: 2026-02-28 20:02:19.216543 
========================================

========================================
Dashboard Update Script
Started at: 2026-03-02 20:00:00.580744 
========================================

Working directory: /Users/favstats/Dropbox/adstracking/reclamer 

[1] "en_US.UTF-8/en_US.UTF-8/en_US.UTF-8/C/en_US.UTF-8/en_US.UTF-8"
Locale set to: en_US.UTF-8/en_US.UTF-8/en_US.UTF-8/C/en_US.UTF-8/en_US.UTF-8 

Loading packages...
Warning message:
package ‘gert’ was built under R version 4.4.3 

--- Rendering Dashboard ---
✅ Dashboard rendered successfully!

--- Git Operations ---
Files changed: 3 
Adding files to git...
✅ Files added
Committing changes...
✅ Committed: Auto-update dashboard: 2026-03-02 
Pushing to remote...
✅ Pushed successfully!

========================================
Script completed successfully!
Finished at: 2026-03-02 20:02:37.087741 
========================================

========================================
Dashboard Update Script
Started at: 2026-03-03 20:00:00.567802 
========================================

Working directory: /Users/favstats/Dropbox/adstracking/reclamer 

[1] "en_US.UTF-8/en_US.UTF-8/en_US.UTF-8/C/en_US.UTF-8/en_US.UTF-8"
Locale set to: en_US.UTF-8/en_US.UTF-8/en_US.UTF-8/C/en_US.UTF-8/en_US.UTF-8 

Loading packages...
Warning message:
package ‘gert’ was built under R version 4.4.3 

--- Rendering Dashboard ---
✅ Dashboard rendered successfully!

--- Git Operations ---
Files changed: 3 
Adding files to git...
✅ Files added
Committing changes...
✅ Committed: Auto-update dashboard: 2026-03-03 
Pushing to remote...
❌ Error pushing to remote: unexpected http status code: 500 
Note: Make sure credentials are configured

========================================
Dashboard Update Script
Started at: 2026-03-04 20:00:00.721955 
========================================

Working directory: /Users/favstats/Dropbox/adstracking/reclamer 

[1] "en_US.UTF-8/en_US.UTF-8/en_US.UTF-8/C/en_US.UTF-8/en_US.UTF-8"
Locale set to: en_US.UTF-8/en_US.UTF-8/en_US.UTF-8/C/en_US.UTF-8/en_US.UTF-8 

Loading packages...
Warning message:
package ‘gert’ was built under R version 4.4.3 

--- Rendering Dashboard ---
✅ Dashboard rendered successfully!

--- Git Operations ---
Files changed: 3 
Adding files to git...
✅ Files added
Committing changes...
✅ Committed: Auto-update dashboard: 2026-03-04 
Pushing to remote...
✅ Pushed successfully!

========================================
Script completed successfully!
Finished at: 2026-03-04 20:02:54.482662 
========================================

========================================
Dashboard Update Script
Started at: 2026-03-05 20:00:00.784092 
========================================

Working directory: /Users/favstats/Dropbox/adstracking/reclamer 

[1] "en_US.UTF-8/en_US.UTF-8/en_US.UTF-8/C/en_US.UTF-8/en_US.UTF-8"
Locale set to: en_US.UTF-8/en_US.UTF-8/en_US.UTF-8/C/en_US.UTF-8/en_US.UTF-8 

Loading packages...
Warning message:
package ‘gert’ was built under R version 4.4.3 

--- Rendering Dashboard ---
✅ Dashboard rendered successfully!

--- Git Operations ---
Files changed: 3 
Adding files to git...
✅ Files added
Committing changes...
✅ Committed: Auto-update dashboard: 2026-03-05 
Pushing to remote...
✅ Pushed successfully!

========================================
Script completed successfully!
Finished at: 2026-03-05 20:02:23.729074 
========================================

========================================
Dashboard Update Script
Started at: 2026-03-06 20:00:01.222659 
========================================

Working directory: /Users/favstats/Dropbox/adstracking/reclamer 

[1] "en_US.UTF-8/en_US.UTF-8/en_US.UTF-8/C/en_US.UTF-8/en_US.UTF-8"
Locale set to: en_US.UTF-8/en_US.UTF-8/en_US.UTF-8/C/en_US.UTF-8/en_US.UTF-8 

Loading packages...
Warning message:
package ‘gert’ was built under R version 4.4.3 

--- Rendering Dashboard ---
✅ Dashboard rendered successfully!

--- Git Operations ---
Files changed: 3 
Adding files to git...
✅ Files added
Committing changes...
✅ Committed: Auto-update dashboard: 2026-03-06 
Pushing to remote...
✅ Pushed successfully!

========================================
Script completed successfully!
Finished at: 2026-03-06 20:02:38.286081 
========================================

========================================
Dashboard Update Script
Started at: 2026-03-07 20:00:01.328141 
========================================

Working directory: /Users/favstats/Dropbox/adstracking/reclamer 

[1] "en_US.UTF-8/en_US.UTF-8/en_US.UTF-8/C/en_US.UTF-8/en_US.UTF-8"
Locale set to: en_US.UTF-8/en_US.UTF-8/en_US.UTF-8/C/en_US.UTF-8/en_US.UTF-8 

Loading packages...
Warning message:
package ‘gert’ was built under R version 4.4.3 

--- Rendering Dashboard ---
✅ Dashboard rendered successfully!

--- Git Operations ---
Files changed: 3 
Adding files to git...
✅ Files added
Committing changes...
✅ Committed: Auto-update dashboard: 2026-03-07 
Pushing to remote...
✅ Pushed successfully!

========================================
Script completed successfully!
Finished at: 2026-03-07 20:02:40.402817 
========================================

========================================
Dashboard Update Script
Started at: 2026-03-08 20:00:01.230962 
========================================

Working directory: /Users/favstats/Dropbox/adstracking/reclamer 

[1] "en_US.UTF-8/en_US.UTF-8/en_US.UTF-8/C/en_US.UTF-8/en_US.UTF-8"
Locale set to: en_US.UTF-8/en_US.UTF-8/en_US.UTF-8/C/en_US.UTF-8/en_US.UTF-8 

Loading packages...
Warning message:
package ‘gert’ was built under R version 4.4.3 

--- Rendering Dashboard ---
✅ Dashboard rendered successfully!

--- Git Operations ---
Files changed: 3 
Adding files to git...
✅ Files added
Committing changes...
✅ Committed: Auto-update dashboard: 2026-03-08 
Pushing to remote...
✅ Pushed successfully!

========================================
Script completed successfully!
Finished at: 2026-03-08 20:02:34.377511 
========================================

========================================
Dashboard Update Script
Started at: 2026-03-09 20:00:01.394762 
========================================

Working directory: /Users/favstats/Dropbox/adstracking/reclamer 

[1] "en_US.UTF-8/en_US.UTF-8/en_US.UTF-8/C/en_US.UTF-8/en_US.UTF-8"
Locale set to: en_US.UTF-8/en_US.UTF-8/en_US.UTF-8/C/en_US.UTF-8/en_US.UTF-8 

Loading packages...
Warning message:
package ‘gert’ was built under R version 4.4.3 

--- Rendering Dashboard ---
✅ Dashboard rendered successfully!

--- Git Operations ---
Files changed: 3 
Adding files to git...
✅ Files added
Committing changes...
✅ Committed: Auto-update dashboard: 2026-03-09 
Pushing to remote...
✅ Pushed successfully!

========================================
Script completed successfully!
Finished at: 2026-03-09 20:02:45.643936 
========================================

========================================
Dashboard Update Script
Started at: 2026-03-10 20:00:01.16488 
========================================

Working directory: /Users/favstats/Dropbox/adstracking/reclamer 

[1] "en_US.UTF-8/en_US.UTF-8/en_US.UTF-8/C/en_US.UTF-8/en_US.UTF-8"
Locale set to: en_US.UTF-8/en_US.UTF-8/en_US.UTF-8/C/en_US.UTF-8/en_US.UTF-8 

Loading packages...
Warning message:
package ‘gert’ was built under R version 4.4.3 

--- Rendering Dashboard ---
✅ Dashboard rendered successfully!

--- Git Operations ---
Files changed: 3 
Adding files to git...
✅ Files added
Committing changes...
✅ Committed: Auto-update dashboard: 2026-03-10 
Pushing to remote...
✅ Pushed successfully!

========================================
Script completed successfully!
Finished at: 2026-03-10 20:03:11.292752 
========================================

========================================
Dashboard Update Script
Started at: 2026-03-11 20:00:00.633327 
========================================

Working directory: /Users/favstats/Dropbox/adstracking/reclamer 

[1] "en_US.UTF-8/en_US.UTF-8/en_US.UTF-8/C/en_US.UTF-8/en_US.UTF-8"
Locale set to: en_US.UTF-8/en_US.UTF-8/en_US.UTF-8/C/en_US.UTF-8/en_US.UTF-8 

Loading packages...
Warning message:
package ‘gert’ was built under R version 4.4.3 

--- Rendering Dashboard ---
✅ Dashboard rendered successfully!

--- Git Operations ---
Files changed: 3 
Adding files to git...
✅ Files added
Committing changes...
✅ Committed: Auto-update dashboard: 2026-03-11 
Pushing to remote...
✅ Pushed successfully!

========================================
Script completed successfully!
Finished at: 2026-03-11 20:02:59.096367 
========================================

========================================
Dashboard Update Script
Started at: 2026-03-13 20:00:00.920436 
========================================

Working directory: /Users/favstats/Dropbox/adstracking/reclamer 

[1] "en_US.UTF-8/en_US.UTF-8/en_US.UTF-8/C/en_US.UTF-8/en_US.UTF-8"
Locale set to: en_US.UTF-8/en_US.UTF-8/en_US.UTF-8/C/en_US.UTF-8/en_US.UTF-8 

Loading packages...
Warning message:
package ‘gert’ was built under R version 4.4.3 

--- Rendering Dashboard ---
✅ Dashboard rendered successfully!

--- Git Operations ---
Files changed: 3 
Adding files to git...
✅ Files added
Committing changes...
✅ Committed: Auto-update dashboard: 2026-03-13 
Pushing to remote...
✅ Pushed successfully!

========================================
Script completed successfully!
Finished at: 2026-03-13 20:03:45.007084 
========================================

========================================
Dashboard Update Script
Started at: 2026-03-14 20:00:01.050361 
========================================

Working directory: /Users/favstats/Dropbox/adstracking/reclamer 

[1] "en_US.UTF-8/en_US.UTF-8/en_US.UTF-8/C/en_US.UTF-8/en_US.UTF-8"
Locale set to: en_US.UTF-8/en_US.UTF-8/en_US.UTF-8/C/en_US.UTF-8/en_US.UTF-8 

Loading packages...
Warning message:
package ‘gert’ was built under R version 4.4.3 

--- Rendering Dashboard ---
✅ Dashboard rendered successfully!

--- Git Operations ---
Files changed: 3 
Adding files to git...
✅ Files added
Committing changes...
✅ Committed: Auto-update dashboard: 2026-03-14 
Pushing to remote...
✅ Pushed successfully!

========================================
Script completed successfully!
Finished at: 2026-03-14 20:02:40.744442 
========================================

========================================
Dashboard Update Script
Started at: 2026-03-17 20:00:00.50402 
========================================

Working directory: /Users/favstats/Dropbox/adstracking/reclamer 

[1] "en_US.UTF-8/en_US.UTF-8/en_US.UTF-8/C/en_US.UTF-8/en_US.UTF-8"
Locale set to: en_US.UTF-8/en_US.UTF-8/en_US.UTF-8/C/en_US.UTF-8/en_US.UTF-8 

Loading packages...
Warning message:
package ‘gert’ was built under R version 4.4.3 

--- Rendering Dashboard ---
✅ Dashboard rendered successfully!

--- Git Operations ---
Files changed: 3 
Adding files to git...
✅ Files added
Committing changes...
✅ Committed: Auto-update dashboard: 2026-03-17 
Pushing to remote...
✅ Pushed successfully!

========================================
Script completed successfully!
Finished at: 2026-03-17 20:02:44.777374 
========================================

========================================
Dashboard Update Script
Started at: 2026-03-18 20:00:00.416836 
========================================

Working directory: /Users/favstats/Dropbox/adstracking/reclamer 

[1] "en_US.UTF-8/en_US.UTF-8/en_US.UTF-8/C/en_US.UTF-8/en_US.UTF-8"
Locale set to: en_US.UTF-8/en_US.UTF-8/en_US.UTF-8/C/en_US.UTF-8/en_US.UTF-8 

Loading packages...
Warning message:
package ‘gert’ was built under R version 4.4.3 

--- Rendering Dashboard ---
✅ Dashboard rendered successfully!

--- Git Operations ---
Files changed: 3 
Adding files to git...
✅ Files added
Committing changes...
✅ Committed: Auto-update dashboard: 2026-03-18 
Pushing to remote...
✅ Pushed successfully!

========================================
Script completed successfully!
Finished at: 2026-03-18 20:02:58.825118 
========================================

========================================
Dashboard Update Script
Started at: 2026-03-19 20:00:01.374455 
========================================

Working directory: /Users/favstats/Dropbox/adstracking/reclamer 

[1] "en_US.UTF-8/en_US.UTF-8/en_US.UTF-8/C/en_US.UTF-8/en_US.UTF-8"
Locale set to: en_US.UTF-8/en_US.UTF-8/en_US.UTF-8/C/en_US.UTF-8/en_US.UTF-8 

Loading packages...
Warning message:
package ‘gert’ was built under R version 4.4.3 

--- Rendering Dashboard ---
✅ Dashboard rendered successfully!

--- Git Operations ---
Files changed: 3 
Adding files to git...
✅ Files added
Committing changes...
✅ Committed: Auto-update dashboard: 2026-03-19 
Pushing to remote...
✅ Pushed successfully!

========================================
Script completed successfully!
Finished at: 2026-03-19 20:03:03.14561 
========================================

========================================
Dashboard Update Script
Started at: 2026-03-20 20:00:01.358575 
========================================

Working directory: /Users/favstats/Dropbox/adstracking/reclamer 

[1] "en_US.UTF-8/en_US.UTF-8/en_US.UTF-8/C/en_US.UTF-8/en_US.UTF-8"
Locale set to: en_US.UTF-8/en_US.UTF-8/en_US.UTF-8/C/en_US.UTF-8/en_US.UTF-8 

Loading packages...
Warning message:
package ‘gert’ was built under R version 4.4.3 

--- Rendering Dashboard ---
✅ Dashboard rendered successfully!

--- Git Operations ---
Files changed: 3 
Adding files to git...
✅ Files added
Committing changes...
✅ Committed: Auto-update dashboard: 2026-03-20 
Pushing to remote...
✅ Pushed successfully!

========================================
Script completed successfully!
Finished at: 2026-03-20 20:03:43.445723 
========================================

========================================
Dashboard Update Script
Started at: 2026-03-21 20:00:01.402647 
========================================

Working directory: /Users/favstats/Dropbox/adstracking/reclamer 

[1] "en_US.UTF-8/en_US.UTF-8/en_US.UTF-8/C/en_US.UTF-8/en_US.UTF-8"
Locale set to: en_US.UTF-8/en_US.UTF-8/en_US.UTF-8/C/en_US.UTF-8/en_US.UTF-8 

Loading packages...
Warning message:
package ‘gert’ was built under R version 4.4.3 

--- Rendering Dashboard ---
✅ Dashboard rendered successfully!

--- Git Operations ---
Files changed: 3 
Adding files to git...
